// Jest Snapshot v1, https://goo.gl/fbAQLP

exports[`Test Rocket component: 1`] = `null`;
